<?xml version="1.0" encoding="UTF-8" standalone="no"?>
<wuriTasks>
   <Task>
      <Description>Floating Test case</Description>
      <Date/>
      <StartTime/>
      <EndTime/>
      <Completed>no</Completed>
   </Task>
   <Task>
      <Description>Deadline Test case</Description>
      <Date>20-6-2016 00:00:00</Date>
      <StartTime/>
      <EndTime>20-6-2016 12:00:00</EndTime>
      <Completed>no</Completed>
   </Task>
   <Task>
      <Description>Event Test case</Description>
      <Date>20-6-2016 00:00:00</Date>
      <StartTime>20-6-2016 10:00:00</StartTime>
	  <EndTime>20-6-2016 12:00:00</EndTime>
      <Completed>no</Completed>
   </Task>
    <Task>
      <Description>Floating Test case</Description>
      <Date/>
      <StartTime/>
      <EndTime/>
      <Completed>no</Completed>
   </Task>
   <Task>
      <Description>Deadline Test case</Description>
      <Date>20-6-2016 00:00:00</Date>
      <StartTime/>
      <EndTime>20-6-2016 12:00:00</EndTime>
      <Completed>no</Completed>
   </Task>
   <Task>
      <Description>Event Recur Test case</Description>
      <Date>20-6-2016 00:00:00</Date>
      <StartTime>20-6-2016 10:00:00</StartTime>
	  <EndTime>20-6-2016 12:00:00</EndTime>
      <Completed>no</Completed>
	  <recur>
         <timeUnit>DAY</timeUnit>
         <frequency>3</frequency>
         <endOfRecurr>20-8-2016 12:00:00</endOfRecurr>
      </recur>
   </Task>
</wuriTasks>
