<?xml version="1.0" encoding="UTF-8" standalone="no"?>
<wuriTasks>
   <Task>
      <Description>Go out with girlfriend</Description>
      <Date>01/09/16</Date>
      <StartTime/>
      <EndTime/>
      <Completed>no</Completed>
      <recur>
         <timeUnit>DAY</timeUnit>
         <frequency>3</frequency>
         <startOfRecurr>01/09/16</startOfRecurr>
         <endOfRecurr>16/10/16</endOfRecurr>
      </recur>
   </Task>
</wuriTasks>
